// Jest Snapshot v1, https://jestjs.io/docs/snapshot-testing

exports[`allbridge positions snapshot of full position shape (regression guard for parity) 1`] = `
[
  {
    "address": "0xfb2c7c10e731ebe96dabdf4a96d656bfe8e2b5af",
    "appId": "allbridge",
    "appName": "Allbridge",
    "availableShortcutIds": [
      "deposit",
      "withdraw",
    ],
    "balance": "5",
    "dataProps": {
      "claimType": "earnings",
      "contractCreatedAt": "2024-05-08T09:09:55.000Z",
      "depositTokenId": "celo-mainnet:0xceba9300f2b948710d2653dd7b07f33a8b32118c",
      "earningItems": [],
      "manageUrl": "https://core.allbridge.io/pools?chain=CEL",
      "rewardsPositionIds": [],
      "termsUrl": "https://allbridge.io/assets/docs/Allbridge%20-%20Terms%20and%20Conditions.pdf",
      "tvl": "10",
      "withdrawTokenId": "celo-mainnet:0xfb2c7c10e731ebe96dabdf4a96d656bfe8e2b5af",
      "withdrawalIncludesClaim": true,
      "yieldRates": [
        {
          "label": "Earnings APR",
          "percentage": 4,
          "tokenId": "celo-mainnet:0xceba9300f2b948710d2653dd7b07f33a8b32118c",
        },
      ],
    },
    "decimals": 6,
    "displayProps": {
      "description": "Supplied (APR: 4.00%)",
      "imageUrl": "https://raw.githubusercontent.com/valora-inc/dapp-list/main/assets/allbridgecore.png",
      "manageUrl": "https://core.allbridge.io/pools?chain=CEL",
      "title": "USDC",
    },
    "label": "USDC",
    "networkId": "celo-mainnet",
    "positionId": "celo-mainnet:0xfb2c7c10e731ebe96dabdf4a96d656bfe8e2b5af",
    "pricePerShare": [
      "1",
    ],
    "priceUsd": "0",
    "shortcutTriggerArgs": {
      "deposit": {
        "positionAddress": "0xfb2c7c10e731ebe96dabdf4a96d656bfe8e2b5af",
        "tokenAddress": "0xceba9300f2b948710d2653dd7b07f33a8b32118c",
        "tokenDecimals": 6,
      },
      "swap-deposit": {
        "positionAddress": "0xfb2c7c10e731ebe96dabdf4a96d656bfe8e2b5af",
        "tokenAddress": "0xceba9300f2b948710d2653dd7b07f33a8b32118c",
      },
      "withdraw": {
        "positionAddress": "0xfb2c7c10e731ebe96dabdf4a96d656bfe8e2b5af",
        "tokenDecimals": 6,
      },
    },
    "supply": "10",
    "symbol": "USDC",
    "tokens": [
      {
        "address": "0xceba9300f2b948710d2653dd7b07f33a8b32118c",
        "balance": "0",
        "decimals": 6,
        "networkId": "celo-mainnet",
        "priceUsd": "0",
        "symbol": "USDC",
        "tokenId": "celo-mainnet:0xceba9300f2b948710d2653dd7b07f33a8b32118c",
        "type": "base-token",
      },
    ],
    "type": "app-token",
  },
]
`;
